// Jest Snapshot v1, https://goo.gl/fbAQLP

exports[`query 1`] = `"snowboarding"`;

exports[`query 2`] = `Promise {}`;
