// Jest Snapshot v1, https://goo.gl/fbAQLP

exports[`App root matches snapshot 1`] = `
<NextApp
  Component={[Function]}
/>
`;
