// Jest Snapshot v1, https://goo.gl/fbAQLP

exports[`Head MetaData matches snapshot 1`] = `<div />`;
